// Jest Snapshot v1, https://goo.gl/fbAQLP

exports[`Home renders the Details page and make a snapshot 1`] = `
<DocumentFragment>
  <div
    class="Details"
  >
    <div
      class="title-container"
    >
      <h1
        class="details-title"
      >
        Covid Stats inÂ 
        <span
          class="country-name"
        />
      </h1>
    </div>
    <div
      class="images-cont"
    />
    <div
      class="details-item-cont"
    />
  </div>
</DocumentFragment>
`;
